template/template.sh 3.440.688
#	template/TEST/template.sh/FVT-option-version-001.expected  3.475.729  2019-08-31T13:14:16.027328-05:00 (CDT)  https://github.com/BradleyA/user-files.git  uadmin  one-rpi3b.cptx86.com 3.474  
#	   template/template.sh  upgrade DEBUG add DEBUG=2 set -x and DEBUG=3 set -v #36 Production standard 1.3.475 DEBUG variable 
