
In ../../template.sh line 281:
SCRIPT_NAME=$(head -2 "${0}" | awk {'printf $2'})
                                   ^-- SC1083: This { is literal. Check expression (missing ;/\n?) or quote it.
                                               ^-- SC1083: This } is literal. Check expression (missing ;/\n?) or quote it.


In ../../template.sh line 282:
SCRIPT_VERSION=$(head -2 "${0}" | awk {'printf $3'})
                                      ^-- SC1083: This { is literal. Check expression (missing ;/\n?) or quote it.
                                                  ^-- SC1083: This } is literal. Check expression (missing ;/\n?) or quote it.


In ../../template.sh line 315:
if ! [ $(id -u) = 0 ] ; then
       ^-- SC2046: Quote this to prevent word splitting.


In ../../template.sh line 405:
                        SSH_USER=$(echo "${1}" | cut -d '=' -f 2)
                        ^-- SC2034: SSH_USER appears unused. Verify it or export it.


In ../../template.sh line 418:
                        USER_HOME=$(echo "${1}" | cut -d '=' -f 2)
                        ^-- SC2034: USER_HOME appears unused. Verify it or export it.

